pyinstaller : 1654 INFO: PyInstaller: 6.16.0, contrib hooks: 2025.9
At line:1 char:1
+ pyinstaller connector.spec --noconfirm 2>&1 | Tee-Object -FilePath bu ...
+ ~~~~~~~~~~~~~~~~~~~~~~~~~~~~~~~~~~~~~~~~~~~
    + CategoryInfo          : NotSpecified: (1654 INFO: PyIn...b hooks: 2025. 
   9:String) [], RemoteException
    + FullyQualifiedErrorId : NativeCommandError
 
1656 INFO: Python: 3.13.5
1983 INFO: Platform: Windows-10-10.0.19045-SP0
1983 INFO: Python environment: C:\Python313
1993 INFO: Module search paths (PYTHONPATH):
['C:\\Users\\HP\\AppData\\Roaming\\Python\\Python313\\Scripts\\pyinstaller.exe
',
 'C:\\Python313\\python313.zip',
 'C:\\Python313\\DLLs',
 'C:\\Python313\\Lib',
 'C:\\Python313',
 'C:\\Users\\HP\\AppData\\Roaming\\Python\\Python313\\site-packages',
 'C:\\Users\\HP\\AppData\\Roaming\\Python\\Python313\\site-packages\\win32',
 'C:\\Users\\HP\\AppData\\Roaming\\Python\\Python313\\site-packages\\win32\\li
b',
 'C:\\Users\\HP\\AppData\\Roaming\\Python\\Python313\\site-packages\\Pythonwin
',
 'C:\\Python313\\Lib\\site-packages',
 'C:\\Users\\HP\\AppData\\Roaming\\Python\\Python313\\site-packages\\setuptool
s\\_vendor',
 'C:\\Users\\HP\\Desktop\\DDSFocusPro_v1.7.1_Build_corrected_dns']
5726 INFO: Appending 'datas' from .spec
5739 INFO: checking Analysis
5934 INFO: Building because _input_datas changed
5934 INFO: Looking for Python shared library...
5936 INFO: Using Python shared library: C:\Python313\python313.dll
5936 INFO: Running Analysis Analysis-00.toc
5936 INFO: Target bytecode optimization level: 0
5936 INFO: Initializing module dependency graph...
5950 INFO: Initializing module graph hook caches...
6037 INFO: Analyzing modules for base_library.zip ...
14037 INFO: Processing standard module hook 'hook-encodings.py' from 'C:\\User
s\\HP\\AppData\\Roaming\\Python\\Python313\\site-packages\\PyInstaller\\hooks'
23595 INFO: Processing standard module hook 'hook-pickle.py' from 'C:\\Users\\
HP\\AppData\\Roaming\\Python\\Python313\\site-packages\\PyInstaller\\hooks'
27041 INFO: Processing standard module hook 'hook-heapq.py' from 'C:\\Users\\H
P\\AppData\\Roaming\\Python\\Python313\\site-packages\\PyInstaller\\hooks'
28848 INFO: Caching module dependency graph...
29052 INFO: Analyzing 
C:\Users\HP\Desktop\DDSFocusPro_v1.7.1_Build_corrected_dns\app.py
31266 INFO: Processing pre-safe-import-module hook 
'hook-typing_extensions.py' from 'C:\\Users\\HP\\AppData\\Roaming\\Python\\Pyt
hon313\\site-packages\\PyInstaller\\hooks\\pre_safe_import_module'
31271 INFO: SetuptoolsInfo: initializing cached setuptools info...
45859 INFO: Processing standard module hook 'hook-multiprocessing.util.py' 
from 'C:\\Users\\HP\\AppData\\Roaming\\Python\\Python313\\site-packages\\PyIns
taller\\hooks'
46391 INFO: Processing standard module hook 'hook-xml.py' from 'C:\\Users\\HP\
\AppData\\Roaming\\Python\\Python313\\site-packages\\PyInstaller\\hooks'
47866 INFO: Processing standard module hook 'hook-_ctypes.py' from 'C:\\Users\
\HP\\AppData\\Roaming\\Python\\Python313\\site-packages\\PyInstaller\\hooks'
55074 INFO: Processing standard module hook 'hook-cryptography.py' from 'C:\\U
sers\\HP\\AppData\\Roaming\\Python\\Python313\\site-packages\\_pyinstaller_hoo
ks_contrib\\stdhooks'
62929 INFO: hook-cryptography: cryptography does not seem to be using 
dynamically linked OpenSSL.
64838 INFO: Processing standard module hook 'hook-bcrypt.py' from 'C:\\Users\\
HP\\AppData\\Roaming\\Python\\Python313\\site-packages\\_pyinstaller_hooks_con
trib\\stdhooks'
65319 INFO: Processing standard module hook 'hook-platform.py' from 'C:\\Users
\\HP\\AppData\\Roaming\\Python\\Python313\\site-packages\\PyInstaller\\hooks'
66571 INFO: Processing standard module hook 'hook-sysconfig.py' from 'C:\\User
s\\HP\\AppData\\Roaming\\Python\\Python313\\site-packages\\PyInstaller\\hooks'
70260 INFO: Processing standard module hook 'hook-difflib.py' from 'C:\\Users\
\HP\\AppData\\Roaming\\Python\\Python313\\site-packages\\PyInstaller\\hooks'
70890 INFO: Processing pre-safe-import-module hook 
'hook-importlib_metadata.py' from 'C:\\Users\\HP\\AppData\\Roaming\\Python\\Py
thon313\\site-packages\\PyInstaller\\hooks\\pre_safe_import_module'
71156 INFO: Processing standard module hook 'hook-importlib_metadata.py' from 
'C:\\Users\\HP\\AppData\\Roaming\\Python\\Python313\\site-packages\\PyInstalle
r\\hooks'
71289 INFO: Processing pre-safe-import-module hook 'hook-zipp.py' from 'C:\\Us
ers\\HP\\AppData\\Roaming\\Python\\Python313\\site-packages\\PyInstaller\\hook
s\\pre_safe_import_module'
72682 INFO: Processing standard module hook 'hook-jinja2.py' from 'C:\\Users\\
HP\\AppData\\Roaming\\Python\\Python313\\site-packages\\_pyinstaller_hooks_con
trib\\stdhooks'
75807 INFO: Processing standard module hook 'hook-boto3.py' from 'C:\\Users\\H
P\\AppData\\Roaming\\Python\\Python313\\site-packages\\_pyinstaller_hooks_cont
rib\\stdhooks'
86824 INFO: Processing standard module hook 'hook-botocore.py' from 'C:\\Users
\\HP\\AppData\\Roaming\\Python\\Python313\\site-packages\\_pyinstaller_hooks_c
ontrib\\stdhooks'
92760 INFO: Processing standard module hook 'hook-dateutil.py' from 'C:\\Users
\\HP\\AppData\\Roaming\\Python\\Python313\\site-packages\\_pyinstaller_hooks_c
ontrib\\stdhooks'
93111 INFO: Processing pre-safe-import-module hook 'hook-six.moves.py' from 'C
:\\Users\\HP\\AppData\\Roaming\\Python\\Python313\\site-packages\\PyInstaller\
\hooks\\pre_safe_import_module'
93797 INFO: Processing standard module hook 'hook-urllib3.py' from 'C:\\Users\
\HP\\AppData\\Roaming\\Python\\Python313\\site-packages\\_pyinstaller_hooks_co
ntrib\\stdhooks'
93916 INFO: Processing pre-safe-import-module hook 
'hook-urllib3.packages.six.moves.py' from 'C:\\Users\\HP\\AppData\\Roaming\\Py
thon\\Python313\\site-packages\\PyInstaller\\hooks\\pre_safe_import_module'
96069 INFO: Processing standard module hook 'hook-xml.etree.cElementTree.py' 
from 'C:\\Users\\HP\\AppData\\Roaming\\Python\\Python313\\site-packages\\PyIns
taller\\hooks'
97107 INFO: Processing standard module hook 'hook-certifi.py' from 'C:\\Users\
\HP\\AppData\\Roaming\\Python\\Python313\\site-packages\\_pyinstaller_hooks_co
ntrib\\stdhooks'
99589 INFO: Processing standard module hook 'hook-psutil.py' from 'C:\\Users\\
HP\\AppData\\Roaming\\Python\\Python313\\site-packages\\_pyinstaller_hooks_con
trib\\stdhooks'
99861 INFO: Processing standard module hook 'hook-charset_normalizer.py' from 
'C:\\Users\\HP\\AppData\\Roaming\\Python\\Python313\\site-packages\\_pyinstall
er_hooks_contrib\\stdhooks'
103361 INFO: Processing standard module hook 'hook-PIL.py' from 'C:\\Users\\HP
\\AppData\\Roaming\\Python\\Python313\\site-packages\\PyInstaller\\hooks'
103708 INFO: Processing standard module hook 'hook-PIL.Image.py' from 'C:\\Use
rs\\HP\\AppData\\Roaming\\Python\\Python313\\site-packages\\PyInstaller\\hooks
'
105054 INFO: Processing standard module hook 'hook-numpy.py' from 'C:\\Users\\
HP\\AppData\\Roaming\\Python\\Python313\\site-packages\\PyInstaller\\hooks'
121457 INFO: Processing standard module hook 'hook-PIL.ImageFilter.py' from 'C
:\\Users\\HP\\AppData\\Roaming\\Python\\Python313\\site-packages\\PyInstaller\
\hooks'
123503 INFO: Processing pre-find-module-path hook 'hook-tkinter.py' from 'C:\\
Users\\HP\\AppData\\Roaming\\Python\\Python313\\site-packages\\PyInstaller\\ho
oks\\pre_find_module_path'
123505 INFO: TclTkInfo: initializing cached Tcl/Tk info...
124575 INFO: Processing standard module hook 'hook-_tkinter.py' from 'C:\\User
s\\HP\\AppData\\Roaming\\Python\\Python313\\site-packages\\PyInstaller\\hooks'
125142 INFO: Processing pre-safe-import-module hook 'hook-packaging.py' from '
C:\\Users\\HP\\AppData\\Roaming\\Python\\Python313\\site-packages\\PyInstaller
\\hooks\\pre_safe_import_module'
125261 INFO: Processing standard module hook 'hook-cv2.py' from 'C:\\Users\\HP
\\AppData\\Roaming\\Python\\Python313\\site-packages\\_pyinstaller_hooks_contr
ib\\stdhooks'
C:\Users\HP\AppData\Roaming\Python\Python313\site-packages\pyautogui\_pyautogu
i_x11.py:284: SyntaxWarning: invalid escape sequence '\e'
  '\e': _display.keysym_to_keycode(Xlib.XK.string_to_keysym('Escape')),
132205 INFO: Processing module hooks (post-graph stage)...
133726 INFO: Processing standard module hook 'hook-PIL.SpiderImagePlugin.py' 
from 'C:\\Users\\HP\\AppData\\Roaming\\Python\\Python313\\site-packages\\PyIns
taller\\hooks'
134026 INFO: Processing standard module hook 'hook-_tkinter.py' from 'C:\\User
s\\HP\\AppData\\Roaming\\Python\\Python313\\site-packages\\PyInstaller\\hooks'
134120 INFO: Performing binary vs. data reclassification (2878 entries)
174760 INFO: Looking for ctypes DLLs
176097 INFO: Analyzing run-time hooks ...
176111 INFO: Including run-time hook 'pyi_rth_inspect.py' from 'C:\\Users\\HP\
\AppData\\Roaming\\Python\\Python313\\site-packages\\PyInstaller\\hooks\\rthoo
ks'
176137 INFO: Including run-time hook 'pyi_rth_cryptography_openssl.py' from 'C
:\\Users\\HP\\AppData\\Roaming\\Python\\Python313\\site-packages\\_pyinstaller
_hooks_contrib\\rthooks'
176186 INFO: Including run-time hook 'pyi_rth_pkgutil.py' from 'C:\\Users\\HP\
\AppData\\Roaming\\Python\\Python313\\site-packages\\PyInstaller\\hooks\\rthoo
ks'
176212 INFO: Including run-time hook 'pyi_rth_multiprocessing.py' from 'C:\\Us
ers\\HP\\AppData\\Roaming\\Python\\Python313\\site-packages\\PyInstaller\\hook
s\\rthooks'
176251 INFO: Including run-time hook 'pyi_rth__tkinter.py' from 'C:\\Users\\HP
\\AppData\\Roaming\\Python\\Python313\\site-packages\\PyInstaller\\hooks\\rtho
oks'
177339 INFO: Creating base_library.zip...
177470 INFO: Looking for dynamic libraries
209811 INFO: Extra DLL search directories (AddDllDirectory): ['C:\\Users\\HP\\
AppData\\Roaming\\Python\\Python313\\site-packages\\numpy.libs', 'C:\\Users\\H
P\\AppData\\Roaming\\Python\\Python313\\site-packages\\cv2\\../../x64/vc17/bin
']
209811 INFO: Extra DLL search directories (PATH): ['C:\\Users\\HP\\AppData\\Ro
aming\\Python\\Python313\\site-packages\\cv2\\../../x64/vc17/bin']
220274 INFO: Warnings written to C:\Users\HP\Desktop\DDSFocusPro_v1.7.1_Build_
corrected_dns\build\connector\warn-connector.txt
220822 INFO: Graph cross-reference written to C:\Users\HP\Desktop\DDSFocusPro_
v1.7.1_Build_corrected_dns\build\connector\xref-connector.html
221473 INFO: checking PYZ
221906 INFO: checking PKG
222007 INFO: Building because toc changed
222008 INFO: Building PKG (CArchive) connector.pkg
281617 INFO: Building PKG (CArchive) connector.pkg completed successfully.
281884 INFO: Bootloader C:\Users\HP\AppData\Roaming\Python\Python313\site-pack
ages\PyInstaller\bootloader\Windows-64bit-intel\run.exe
281884 INFO: checking EXE
281974 INFO: Building because toc changed
281974 INFO: Building EXE from EXE-00.toc
281975 INFO: Copying bootloader EXE to 
C:\Users\HP\Desktop\DDSFocusPro_v1.7.1_Build_corrected_dns\dist\connector.exe
282314 INFO: Copying icon to EXE
282414 INFO: Copying 0 resources to EXE
282414 INFO: Embedding manifest in EXE
282509 INFO: Appending PKG archive to EXE
282726 INFO: Fixing EXE headers
285468 INFO: Building EXE from EXE-00.toc completed successfully.
285890 INFO: Build complete! The results are available in: 
C:\Users\HP\Desktop\DDSFocusPro_v1.7.1_Build_corrected_dns\dist
